<testsuites id="" name="" tests="10" failures="0" skipped="0" errors="0" time="4.270792999999999">
<testsuite name="waha-broadcast-schedule.unit.spec.ts" timestamp="2026-08-26T13:28:35.184Z" hostname="chromium-unit" tests="4" failures="0" skipped="0" time="0.04" errors="0">
<testcase name="@unit agendamento WAHA no próximo minuto › arredonda para o próximo minuto cheio" classname="waha-broadcast-schedule.unit.spec.ts" time="0.017">
</testcase>
<testcase name="@unit agendamento WAHA no próximo minuto › no minuto exato avança um minuto" classname="waha-broadcast-schedule.unit.spec.ts" time="0.006">
</testcase>
<testcase name="@unit agendamento WAHA no próximo minuto › primeiro envio de cada sessão é no início; intervalo só entre os seguintes" classname="waha-broadcast-schedule.unit.spec.ts" time="0.013">
</testcase>
<testcase name="@unit agendamento WAHA no próximo minuto › não aplica o delay no único contato da sessão" classname="waha-broadcast-schedule.unit.spec.ts" time="0.004">
</testcase>
</testsuite>
<testsuite name="waha-send-interval.unit.spec.ts" timestamp="2026-08-26T13:28:35.184Z" hostname="chromium-unit" tests="6" failures="0" skipped="0" time="0.047" errors="0">
<testcase name="@unit intervalo de envio WAHA › aceita intervalo lento 3000–4000 segundos" classname="waha-send-interval.unit.spec.ts" time="0.014">
</testcase>
<testcase name="@unit intervalo de envio WAHA › aceita o antigo teto de 1 hora" classname="waha-send-interval.unit.spec.ts" time="0.005">
</testcase>
<testcase name="@unit intervalo de envio WAHA › aceita o teto de 24 horas alinhado ao Evolution" classname="waha-send-interval.unit.spec.ts" time="0.007">
</testcase>
<testcase name="@unit intervalo de envio WAHA › rejeita máximo menor que o mínimo" classname="waha-send-interval.unit.spec.ts" time="0.007">
</testcase>
<testcase name="@unit intervalo de envio WAHA › rejeita abaixo do mínimo de 5 segundos" classname="waha-send-interval.unit.spec.ts" time="0.008">
</testcase>
<testcase name="@unit intervalo de envio WAHA › rejeita acima de 24 horas" classname="waha-send-interval.unit.spec.ts" time="0.006">
</testcase>
</testsuite>
</testsuites>